     1: 
     2: #include <htc.h>           /* necesaria para funciones y archivos de proteus */
     3: #define _XTAL_FREQ 1000000 /* indicamos la frecuencia del sistema: 1Mhz */
     4: #define LED_ROJO RB4
     5: #define LED_VERDE RB5
     6: #define BOTON1 RA0
     7: #define BOTON2 RA1
     8: 
     9: void configPORTs(void);
    10: void toggleLeds(void);
    11: void main()
    12: {
    13:     /* estado inicial */
    14:     configPORTs();
    15:     __delay_ms(100);
    16:     LED_ROJO = 1;
    17:     LED_VERDE = 1;
    18:     
    19: 
    20:     __delay_ms(2000);
    21:     /* esperar una pulsación */
    22:     while (BOTON1 && BOTON2)
    23:     {
    24:         //esperar a que se pulse un botón
    25:     }
    26: 
    27:     /* loop infinito */
    28:     while (1)
    29:     {
    30:         toggleLeds();
    31:         __delay_ms(250);
    32:     }
    33: }
    34: void toggleLeds()
    35: {
    36:     LED_ROJO = !LED_ROJO;
    37:     LED_VERDE = !LED_VERDE;
    38: }
    39: void configPORTs()
    40: {
    41:     /* Un cero en TRISX setea al puerto X como salida */
    42:     TRISB = 0xCF; /* Configuros pines 4 y 5 del puerto B como salida */
    43:     TRISA = 0x1F; /* Configuros pines 0 y 1 del puerto A como entrada */
    44: }